#-----------------------------------------------------------
# PlanAhead v14.7 (64-bit)
# Build 321239 by xbuild on Fri Sep 27 19:29:51 MDT 2013
# Start of session at: Mon May 30 10:21:09 2016
# Process ID: 6056
# Log file: C:/ComputerOrganazationHomework/Homework8_1/planAhead_run_3/planAhead.log
# Journal file: C:/ComputerOrganazationHomework/Homework8_1/planAhead_run_3/planAhead.jou
#-----------------------------------------------------------
start_gui
source C:/ComputerOrganazationHomework/Homework8_1/pa.fromHdl.tcl
update_compile_order -fileset sim_1
startgroup
set_property package_pin D9 [get_ports Up_clk]
endgroup
startgroup
set_property package_pin C4 [get_ports Up_reset]
endgroup
startgroup
set_property package_pin T11 [get_ports {Digital_light[7]}]
endgroup
startgroup
set_property package_pin R11 [get_ports {Digital_light[6]}]
endgroup
startgroup
set_property package_pin N11 [get_ports {Digital_light[5]}]
endgroup
startgroup
set_property package_pin M11 [get_ports {Digital_light[4]}]
endgroup
startgroup
set_property package_pin V15 [get_ports {Digital_light[3]}]
endgroup
startgroup
set_property package_pin U15 [get_ports {Digital_light[2]}]
endgroup
startgroup
set_property package_pin V16 [get_ports {Digital_light[1]}]
endgroup
startgroup
set_property package_pin U16 [get_ports {Digital_light[0]}]
endgroup
startgroup
set_property package_pin V9 [get_ports {Choose_light[2]}]
endgroup
startgroup
set_property package_pin T9 [get_ports {Choose_light[1]}]
endgroup
startgroup
set_property package_pin T10 [get_ports {Choose_light[0]}]
endgroup
save_constraints
